((plain-name "subtraction") (function "main") (filename "diff-roots-simple.c") (line-num 12) (instr-addr 4009BF) (avg-error 43.129555) (max-error 43.129555) (num-calls 1))
