(output
  (function "main")
  (filename "fma.c")
  (line-num 12)
  (instr-addr 4008B5)
  (avg-error 0.000000)
  (max-error 0.000000)
  (num-calls 1)
  (influences
    (
    )
  )
)
