(output
  (function "main")
  (filename "gromacs-bondfree-580.c")
  (line-num 40)
  (instr-addr 400B07)
  (avg-error 16.016219)
  (max-error 61.791429)
  (num-calls 10)
  (influences
    (
    (
     (expr
       (FPCore (x y z)
      :pre (and (and (<= 3.727454e-43 x) (<= x 1.389515e3)) (and (<= 5.823796e-42 y) (<= y 2.684534e17)) (and (<= 4.904545e-44 z) (<= z 1.067773e12)))
          (+ (* x x) (+ (* y y) (* z z)))))
     (var-problematic-ranges
       (x
         (range-min 3.727454e-43)
         (range-max 1.389515e3))
       (y
         (range-min 5.823796e-42)
         (range-max 2.684534e17))
       (z
         (range-min 4.904545e-44)
         (range-max 1.067773e12)))
     (example problematic input (1.389515e3, 2.684534e17, 7.165306e-1))
     (function "iprod")
     (filename "gromacs-bondfree-580.c")
     (line-num 9)
     (instr-addr 4008E3)
     (avg-error 30.644307)
     (max-error 61.549503)
     (avg-local-error 30.644307)
     (max-local-error 61.549503)
     (num-calls 10))
    )
  )
)
(compare
  (function "rand_legit_positive_float")
  (filename "gromacs-bondfree-580.c")
  (line-num 25)
  (instr-addr 40099A)
  (percent-wrong 81)
  (num-wrong 354)
  (num-calls 432)
  (influences
    (
    )
  )
)

