(output
  (function "camlHello_world__say_hello_1199")
  (filename "hello_world.ml")
  (line-num 3)
  (instr-addr 41C4AB)
  (avg-error 0.000000)
  (max-error 0.000000)
  (num-calls 2)
  (influences
    (
    )
  )
)
