(output
  (function "main")
  (filename "redir_test.c")
  (line-num 11)
  (instr-addr 400899)
  (avg-error 0.000000)
  (max-error 0.000000)
  (num-calls 1)
  (influences
    (
    )
  )
)
