((expr (- (sqrt 100000000001.000000) (sqrt 100000000000.000000))) (plain-name "subtraction") (function "calcY") (filename "small.c") (line-num 19) (instr-addr 400A88) (avg-error 35.951513) (max-error 35.951513) (num-calls 2))
